// Jest Snapshot v1, https://goo.gl/fbAQLP

exports[`CandidateCard should render correctly  1`] = `
<JobCard
  classes={
    Object {
      "JobDetails": "JobCard-JobDetails-1",
      "heading": "JobCard-heading-3",
      "media": "JobCard-media-2",
    }
  }
/>
`;
